# ILS Office Map
S,ILS,Social Science Building, # this is actually the alcove
S,ILS Conference Room,ILS,
S,Office of Nick,ILS,
S,Office of Lynne,ILS,
S,Office of Tomek,ILS,
S,ILS Robotics Lab,ILS,
S,ILS Lab,ILS,
S,Office of Ting,ILS,
S,Office of Samira,ILS,
S,Office of Sharon,ILS,

# identifiers -- currently just the markers
I,AR_exit,ILS Conference Room,0,0.66,1.22,0,0,0,
I,AR_mail,ILS Conference Room,0.71,-0.69,1.22,0,0,1.57,
I,AR_nick,ILS Conference Room,4.97,0.71,1.22,0,0,3.14,
I,AR_lynne,ILS Conference Room,4.97,3.66,1.22,0,0,3.14,
I,AR_tomek,ILS Conference Room,4.97,5.08,1.22,0,0,3.14,
I,AR_tomek2,ILS Conference Room,3.8,5.31,1.22,0,0,-1.57,

# gateways
G,g1,door,ILS Conference Room,0,0,0,0,0,0,
G,g2,door,ILS Conference Room,4.97,0,0,0,0,3.14,Office of Nick,0,0,0,0,0,0,
G,g3,door,ILS Conference Room,4.97,2.94,0,0,0,3.14,Office of Lynne,0,0,0,0,0,0
G,g4,door,ILS Conference Room,4.42,5.31,0,0,0,-1.57,Office of Tomek,0,0,0,0,0,0

# for testing, we begin in the conference room door
#B,Office of Nick,0,0,0,0,0,0
B,ILS Conference Room,0,0,0,0,0,0
